// Jest Snapshot v1, https://goo.gl/fbAQLP

exports[`<Reports /> renders a no check ins state 1`] = `
<Styled(View)>
  <BackgroundGradient />
  <Styled(Text)>
    Nothing to Report Yet!
  </Styled(Text)>
</Styled(View)>
`;

exports[`<Reports /> renders reports for check ins 1`] = `
<Styled(View)>
  <StatusBar
    animated={false}
    backgroundColor="#cf6a87"
    barStyle="light-content"
    showHideTransition="fade"
  />
  <BackgroundGradient />
  <Styled(ScrollView)
    contentContainerStyle={
      Object {
        "alignItems": "center",
        "paddingVertical": 36,
      }
    }
  >
    <Styled(View)
      key="seven-day-overview"
    >
      <Styled(Text)>
        LAST WEEK
      </Styled(Text)>
      <VictoryLine
        containerComponent={
          <VictoryContainer
            className="VictoryContainer"
            portalComponent={<Portal />}
            portalZIndex={99}
            responsive={true}
          />
        }
        data={
          Array [
            Object {
              "x": 0,
              "y": 1,
            },
            Object {
              "x": 1,
              "y": 2,
            },
            Object {
              "x": 2,
              "y": 3,
            },
            Object {
              "x": 3,
              "y": 2,
            },
            Object {
              "x": 4,
              "y": 1,
            },
            Object {
              "x": 5,
              "y": 0,
            },
            Object {
              "x": 6,
              "y": 1,
            },
          ]
        }
        dataComponent={
          <_default
            pathComponent={<VPath />}
          />
        }
        groupComponent={
          <VictoryClipContainer
            circleComponent={<VLine />}
            clipPathComponent={<VClipPath />}
            groupComponent={<G />}
            rectComponent={<VRect />}
          />
        }
        height={150}
        labelComponent={
          <VictoryLabel
            capHeight={0.71}
            lineHeight={1}
            textComponent={<VText />}
            tspanComponent={<VTSpan />}
          />
        }
        samples={50}
        scale="linear"
        sortKey="x"
        sortOrder="ascending"
        standalone={true}
        style={
          Object {
            "data": Object {
              "stroke": "#cf6a87",
              "strokeWidth": 2,
            },
          }
        }
        theme={
          Object {
            "area": Object {
              "colorScale": Array [
                "#252525",
                "#525252",
                "#737373",
                "#969696",
                "#bdbdbd",
                "#d9d9d9",
                "#f0f0f0",
              ],
              "height": 300,
              "padding": 50,
              "style": Object {
                "data": Object {
                  "fill": "#252525",
                },
                "labels": Object {
                  "fill": "#252525",
                  "fontFamily": "'Gill Sans', 'Gill Sans MT', 'Ser­avek', 'Trebuchet MS', sans-serif",
                  "fontSize": 14,
                  "letterSpacing": "normal",
                  "padding": 10,
                  "stroke": "transparent",
                  "textAnchor": "middle",
                },
              },
              "width": 450,
            },
            "axis": Object {
              "colorScale": Array [
                "#252525",
                "#525252",
                "#737373",
                "#969696",
                "#bdbdbd",
                "#d9d9d9",
                "#f0f0f0",
              ],
              "height": 300,
              "padding": 50,
              "style": Object {
                "axis": Object {
                  "fill": "transparent",
                  "stroke": "#252525",
                  "strokeLinecap": "round",
                  "strokeLinejoin": "round",
                  "strokeWidth": 1,
                },
                "axisLabel": Object {
                  "fill": "#252525",
                  "fontFamily": "'Gill Sans', 'Gill Sans MT', 'Ser­avek', 'Trebuchet MS', sans-serif",
                  "fontSize": 14,
                  "letterSpacing": "normal",
                  "padding": 25,
                  "stroke": "transparent",
                  "textAnchor": "middle",
                },
                "grid": Object {
                  "fill": "none",
                  "pointerEvents": "painted",
                  "stroke": "none",
                },
                "tickLabels": Object {
                  "fill": "#252525",
                  "fontFamily": "'Gill Sans', 'Gill Sans MT', 'Ser­avek', 'Trebuchet MS', sans-serif",
                  "fontSize": 14,
                  "letterSpacing": "normal",
                  "padding": 10,
                  "stroke": "transparent",
                },
                "ticks": Object {
                  "fill": "transparent",
                  "size": 1,
                  "stroke": "transparent",
                },
              },
              "width": 450,
            },
            "bar": Object {
              "colorScale": Array [
                "#252525",
                "#525252",
                "#737373",
                "#969696",
                "#bdbdbd",
                "#d9d9d9",
                "#f0f0f0",
              ],
              "height": 300,
              "padding": 50,
              "style": Object {
                "data": Object {
                  "fill": "#252525",
                  "padding": 8,
                  "strokeWidth": 0,
                },
                "labels": Object {
                  "fill": "#252525",
                  "fontFamily": "'Gill Sans', 'Gill Sans MT', 'Ser­avek', 'Trebuchet MS', sans-serif",
                  "fontSize": 14,
                  "letterSpacing": "normal",
                  "padding": 10,
                  "stroke": "transparent",
                },
              },
              "width": 450,
            },
            "candlestick": Object {
              "candleColors": Object {
                "negative": "#252525",
                "positive": "#ffffff",
              },
              "colorScale": Array [
                "#252525",
                "#525252",
                "#737373",
                "#969696",
                "#bdbdbd",
                "#d9d9d9",
                "#f0f0f0",
              ],
              "height": 300,
              "padding": 50,
              "style": Object {
                "data": Object {
                  "stroke": "#252525",
                  "strokeWidth": 1,
                },
                "labels": Object {
                  "fill": "#252525",
                  "fontFamily": "'Gill Sans', 'Gill Sans MT', 'Ser­avek', 'Trebuchet MS', sans-serif",
                  "fontSize": 14,
                  "letterSpacing": "normal",
                  "padding": 10,
                  "stroke": "transparent",
                  "textAnchor": "middle",
                },
              },
              "width": 450,
            },
            "chart": Object {
              "colorScale": Array [
                "#252525",
                "#525252",
                "#737373",
                "#969696",
                "#bdbdbd",
                "#d9d9d9",
                "#f0f0f0",
              ],
              "height": 300,
              "padding": 50,
              "width": 450,
            },
            "errorbar": Object {
              "borderWidth": 8,
              "colorScale": Array [
                "#252525",
                "#525252",
                "#737373",
                "#969696",
                "#bdbdbd",
                "#d9d9d9",
                "#f0f0f0",
              ],
              "height": 300,
              "padding": 50,
              "style": Object {
                "data": Object {
                  "fill": "transparent",
                  "stroke": "#252525",
                  "strokeWidth": 2,
                },
                "labels": Object {
                  "fill": "#252525",
                  "fontFamily": "'Gill Sans', 'Gill Sans MT', 'Ser­avek', 'Trebuchet MS', sans-serif",
                  "fontSize": 14,
                  "letterSpacing": "normal",
                  "padding": 10,
                  "stroke": "transparent",
                  "textAnchor": "middle",
                },
              },
              "width": 450,
            },
            "group": Object {
              "colorScale": Array [
                "#252525",
                "#525252",
                "#737373",
                "#969696",
                "#bdbdbd",
                "#d9d9d9",
                "#f0f0f0",
              ],
              "height": 300,
              "padding": 50,
              "width": 450,
            },
            "legend": Object {
              "colorScale": Array [
                "#252525",
                "#525252",
                "#737373",
                "#969696",
                "#bdbdbd",
                "#d9d9d9",
                "#f0f0f0",
              ],
              "gutter": 10,
              "orientation": "vertical",
              "style": Object {
                "data": Object {
                  "type": "circle",
                },
                "labels": Object {
                  "fill": "#252525",
                  "fontFamily": "'Gill Sans', 'Gill Sans MT', 'Ser­avek', 'Trebuchet MS', sans-serif",
                  "fontSize": 14,
                  "letterSpacing": "normal",
                  "padding": 10,
                  "stroke": "transparent",
                },
                "title": Object {
                  "fill": "#252525",
                  "fontFamily": "'Gill Sans', 'Gill Sans MT', 'Ser­avek', 'Trebuchet MS', sans-serif",
                  "fontSize": 14,
                  "letterSpacing": "normal",
                  "padding": 5,
                  "stroke": "transparent",
                },
              },
              "titleOrientation": "top",
            },
            "line": Object {
              "colorScale": Array [
                "#252525",
                "#525252",
                "#737373",
                "#969696",
                "#bdbdbd",
                "#d9d9d9",
                "#f0f0f0",
              ],
              "height": 300,
              "padding": 50,
              "style": Object {
                "data": Object {
                  "fill": "transparent",
                  "stroke": "#252525",
                  "strokeWidth": 2,
                },
                "labels": Object {
                  "fill": "#252525",
                  "fontFamily": "'Gill Sans', 'Gill Sans MT', 'Ser­avek', 'Trebuchet MS', sans-serif",
                  "fontSize": 14,
                  "letterSpacing": "normal",
                  "padding": 10,
                  "stroke": "transparent",
                  "textAnchor": "middle",
                },
              },
              "width": 450,
            },
            "pie": Object {
              "colorScale": Array [
                "#252525",
                "#525252",
                "#737373",
                "#969696",
                "#bdbdbd",
                "#d9d9d9",
                "#f0f0f0",
              ],
              "height": 400,
              "padding": 50,
              "style": Object {
                "data": Object {
                  "padding": 10,
                  "stroke": "transparent",
                  "strokeWidth": 1,
                },
                "labels": Object {
                  "fill": "#252525",
                  "fontFamily": "'Gill Sans', 'Gill Sans MT', 'Ser­avek', 'Trebuchet MS', sans-serif",
                  "fontSize": 14,
                  "letterSpacing": "normal",
                  "padding": 20,
                  "stroke": "transparent",
                },
              },
              "width": 400,
            },
            "scatter": Object {
              "colorScale": Array [
                "#252525",
                "#525252",
                "#737373",
                "#969696",
                "#bdbdbd",
                "#d9d9d9",
                "#f0f0f0",
              ],
              "height": 300,
              "padding": 50,
              "style": Object {
                "data": Object {
                  "fill": "#252525",
                  "stroke": "transparent",
                  "strokeWidth": 0,
                },
                "labels": Object {
                  "fill": "#252525",
                  "fontFamily": "'Gill Sans', 'Gill Sans MT', 'Ser­avek', 'Trebuchet MS', sans-serif",
                  "fontSize": 14,
                  "letterSpacing": "normal",
                  "padding": 10,
                  "stroke": "transparent",
                  "textAnchor": "middle",
                },
              },
              "width": 450,
            },
            "stack": Object {
              "colorScale": Array [
                "#252525",
                "#525252",
                "#737373",
                "#969696",
                "#bdbdbd",
                "#d9d9d9",
                "#f0f0f0",
              ],
              "height": 300,
              "padding": 50,
              "width": 450,
            },
            "tooltip": Object {
              "cornerRadius": 5,
              "flyoutStyle": Object {
                "fill": "#f0f0f0",
                "pointerEvents": "none",
                "stroke": "#252525",
                "strokeWidth": 1,
              },
              "pointerLength": 10,
              "style": Object {
                "fill": "#252525",
                "fontFamily": "'Gill Sans', 'Gill Sans MT', 'Ser­avek', 'Trebuchet MS', sans-serif",
                "fontSize": 14,
                "letterSpacing": "normal",
                "padding": 5,
                "pointerEvents": "none",
                "stroke": "transparent",
                "textAnchor": "middle",
              },
            },
            "voronoi": Object {
              "colorScale": Array [
                "#252525",
                "#525252",
                "#737373",
                "#969696",
                "#bdbdbd",
                "#d9d9d9",
                "#f0f0f0",
              ],
              "height": 300,
              "padding": 50,
              "style": Object {
                "data": Object {
                  "fill": "transparent",
                  "stroke": "transparent",
                  "strokeWidth": 0,
                },
                "flyout": Object {
                  "fill": "#f0f0f0",
                  "pointerEvents": "none",
                  "stroke": "#252525",
                  "strokeWidth": 1,
                },
                "labels": Object {
                  "fill": "#252525",
                  "fontFamily": "'Gill Sans', 'Gill Sans MT', 'Ser­avek', 'Trebuchet MS', sans-serif",
                  "fontSize": 14,
                  "letterSpacing": "normal",
                  "padding": 5,
                  "pointerEvents": "none",
                  "stroke": "transparent",
                  "textAnchor": "middle",
                },
              },
              "width": 450,
            },
          }
        }
        width={300}
      />
      <Styled(View)>
        <Styled(Text)
          style={
            Object {
              "marginRight": 16,
            }
          }
        >
          <Icon
            allowFontScaling={false}
            color="#cf6a87"
            name="emoji-happy"
            size={16}
          />
           4
        </Styled(Text)>
        <Styled(Text)
          style={
            Object {
              "marginRight": 16,
            }
          }
        >
          <Icon
            allowFontScaling={false}
            color="#cf6a87"
            name="emoji-sad"
            size={16}
          />
           3
        </Styled(Text)>
        <Styled(Text)>
          <Icon
            allowFontScaling={false}
            color="#cf6a87"
            name="emoji-neutral"
            size={16}
          />
           0
        </Styled(Text)>
      </Styled(View)>
    </Styled(View)>
  </Styled(ScrollView)>
</Styled(View)>
`;
